// Jest Snapshot v1, https://goo.gl/fbAQLP

exports[`Sales Report renders the router and the report snapshot 1`] = `"<div class=\\"MuiBox-root MuiBox-root-3 Styled(MuiBox)-root-2\\" classes=\\"[object Object]\\" style=\\"background-color: transparent;\\"><div class=\\"MuiBox-root MuiBox-root-5 Styled(MuiBox)-root-4\\" classes=\\"[object Object]\\"><div class=\\"MuiTabs-root WithStyles(ForwardRef(Tabs))-root-6\\"><div class=\\"MuiTabs-scroller MuiTabs-fixed\\" style=\\"overflow: hidden;\\"><div class=\\"MuiTabs-flexContainer\\" role=\\"tablist\\"><button class=\\"MuiButtonBase-root MuiTab-root WithStyles(ForwardRef(Tab))-root-7 MuiTab-textColorInherit Mui-selected\\" tabindex=\\"0\\" type=\\"button\\" role=\\"tab\\" aria-selected=\\"true\\"><span class=\\"MuiTab-wrapper\\">Summary Report</span><span class=\\"MuiTouchRipple-root\\"></span></button><button class=\\"MuiButtonBase-root MuiTab-root WithStyles(ForwardRef(Tab))-root-7 MuiTab-textColorInherit\\" tabindex=\\"-1\\" type=\\"button\\" role=\\"tab\\" aria-selected=\\"false\\"><span class=\\"MuiTab-wrapper\\">Transaction Report</span><span class=\\"MuiTouchRipple-root\\"></span></button></div><span class=\\"PrivateTabIndicator-root-8 PrivateTabIndicator-colorSecondary-10 MuiTabs-indicator\\" style=\\"left: 0px; width: 0px; height: 3px; background-color: rgb(181, 121, 54);\\"></span></div></div></div><div class=\\"MuiBox-root MuiBox-root-13 Styled(MuiBox)-root-12\\" classes=\\"[object Object]\\"><div class=\\"MuiBox-root MuiBox-root-15 Styled(MuiBox)-root-14\\" classes=\\"[object Object]\\" id=\\"total-sales-report-container\\"><div class=\\"MuiBox-root MuiBox-root-16\\"><div class=\\"MuiBox-root MuiBox-root-17\\"><div class=\\"MuiBox-root MuiBox-root-18\\">Total Sales</div></div><div class=\\"MuiBox-root MuiBox-root-19\\"><div class=\\"MuiBox-root MuiBox-root-20\\" style=\\"position: relative; display: flex; justify-content: center; align-items: center; height: 12px;\\"><button class=\\"MuiButtonBase-root MuiButton-root MuiButton-text report-aux-button\\" tabindex=\\"0\\" type=\\"button\\" style=\\"padding: 0px; color: rgb(181, 121, 54); margin-right: 16px; text-transform: none;\\"><span class=\\"MuiButton-label\\">2021<span class=\\"MuiButton-endIcon MuiButton-iconSizeMedium\\"><svg class=\\"MuiSvgIcon-root\\" focusable=\\"false\\" viewBox=\\"0 0 24 24\\" color=\\"#B57936\\" aria-hidden=\\"true\\"><path d=\\"M7.41 8.59L12 13.17l4.59-4.58L18 10l-6 6-6-6 1.41-1.41z\\"></path></svg></span></span><span class=\\"MuiTouchRipple-root\\"></span></button><button class=\\"MuiButtonBase-root MuiButton-root MuiButton-text report-aux-button\\" tabindex=\\"0\\" type=\\"button\\" style=\\"padding: 0px; color: rgb(181, 121, 54); margin-right: 16px; text-transform: none;\\"><span class=\\"MuiButton-label\\">January<span class=\\"MuiButton-endIcon MuiButton-iconSizeMedium\\"><svg class=\\"MuiSvgIcon-root\\" focusable=\\"false\\" viewBox=\\"0 0 24 24\\" color=\\"#B57936\\" aria-hidden=\\"true\\"><path d=\\"M7.41 8.59L12 13.17l4.59-4.58L18 10l-6 6-6-6 1.41-1.41z\\"></path></svg></span></span><span class=\\"MuiTouchRipple-root\\"></span></button><div class=\\"MuiBox-root MuiBox-root-21\\"><svg class=\\"MuiSvgIcon-root\\" focusable=\\"false\\" viewBox=\\"0 0 24 24\\" color=\\"#B57936\\" aria-hidden=\\"true\\"><path d=\\"M19 13H5v-2h14v2z\\"></path></svg></div><button class=\\"MuiButtonBase-root MuiButton-root MuiButton-text report-aux-button\\" tabindex=\\"0\\" type=\\"button\\" style=\\"padding: 0px; color: rgb(181, 121, 54); text-transform: none;\\"><span class=\\"MuiButton-label\\">December<span class=\\"MuiButton-endIcon MuiButton-iconSizeMedium\\"><svg class=\\"MuiSvgIcon-root\\" focusable=\\"false\\" viewBox=\\"0 0 24 24\\" color=\\"#B57936\\" aria-hidden=\\"true\\"><path d=\\"M7.41 8.59L12 13.17l4.59-4.58L18 10l-6 6-6-6 1.41-1.41z\\"></path></svg></span></span><span class=\\"MuiTouchRipple-root\\"></span></button></div></div></div><div class=\\"MuiBox-root MuiBox-root-37\\"><div class=\\"MuiCircularProgress-root MuiCircularProgress-colorPrimary MuiCircularProgress-indeterminate\\" style=\\"width: 40px; height: 40px; color: rgb(181, 121, 54);\\" role=\\"progressbar\\"><svg class=\\"MuiCircularProgress-svg\\" viewBox=\\"22 22 44 44\\"><circle class=\\"MuiCircularProgress-circle MuiCircularProgress-circleIndeterminate\\" cx=\\"44\\" cy=\\"44\\" r=\\"20.2\\" fill=\\"none\\" stroke-width=\\"3.6\\"></circle></svg></div></div></div><div class=\\"MuiBox-root MuiBox-root-22 Styled(MuiBox)-root-14\\" classes=\\"[object Object]\\" id=\\"call-visit-summary-report-container\\"><div class=\\"MuiBox-root MuiBox-root-23\\"><div class=\\"MuiBox-root MuiBox-root-24\\">Total Call Visits</div><div style=\\"position: relative; display: flex; justify-content: center; align-items: center; margin-right: 8px;\\"><button class=\\"MuiButtonBase-root MuiButton-root MuiButton-text report-aux-button\\" tabindex=\\"0\\" type=\\"button\\" style=\\"padding: 0px; color: rgb(181, 121, 54); position: absolute; right: -10px; width: 24px; height: 24px; text-transform: none;\\"><span class=\\"MuiButton-label\\">July<span class=\\"MuiButton-endIcon MuiButton-iconSizeMedium\\"><svg class=\\"MuiSvgIcon-root\\" focusable=\\"false\\" viewBox=\\"0 0 24 24\\" color=\\"#B57936\\" aria-hidden=\\"true\\"><path d=\\"M7.41 8.59L12 13.17l4.59-4.58L18 10l-6 6-6-6 1.41-1.41z\\"></path></svg></span></span><span class=\\"MuiTouchRipple-root\\"></span></button></div></div><div class=\\"MuiBox-root MuiBox-root-25\\"><div class=\\"MuiBox-root MuiBox-root-38\\"><div class=\\"MuiCircularProgress-root MuiCircularProgress-colorPrimary MuiCircularProgress-indeterminate\\" style=\\"width: 40px; height: 40px; color: rgb(181, 121, 54);\\" role=\\"progressbar\\"><svg class=\\"MuiCircularProgress-svg\\" viewBox=\\"22 22 44 44\\"><circle class=\\"MuiCircularProgress-circle MuiCircularProgress-circleIndeterminate\\" cx=\\"44\\" cy=\\"44\\" r=\\"20.2\\" fill=\\"none\\" stroke-width=\\"3.6\\"></circle></svg></div></div></div></div><div class=\\"MuiBox-root MuiBox-root-26 Styled(MuiBox)-root-14\\" classes=\\"[object Object]\\" id=\\"top-selling-products-report-container\\"><div class=\\"MuiBox-root MuiBox-root-27\\"><div class=\\"MuiBox-root MuiBox-root-28\\"><div class=\\"MuiBox-root MuiBox-root-29\\">Top Selling Products</div><div class=\\"MuiBox-root MuiBox-root-30\\">Based on QTY Sold</div></div><div style=\\"position: relative; display: flex; justify-content: center; align-items: center; height: 12px;\\"><button class=\\"MuiButtonBase-root MuiButton-root MuiButton-text report-aux-button\\" tabindex=\\"0\\" type=\\"button\\" style=\\"padding: 0px; color: rgb(181, 121, 54); position: absolute; right: -10px; text-transform: none;\\"><span class=\\"MuiButton-label\\">July<span class=\\"MuiButton-endIcon MuiButton-iconSizeMedium\\"><svg class=\\"MuiSvgIcon-root\\" focusable=\\"false\\" viewBox=\\"0 0 24 24\\" color=\\"#B57936\\" aria-hidden=\\"true\\"><path d=\\"M7.41 8.59L12 13.17l4.59-4.58L18 10l-6 6-6-6 1.41-1.41z\\"></path></svg></span></span><span class=\\"MuiTouchRipple-root\\"></span></button></div></div><div class=\\"MuiBox-root MuiBox-root-39\\"><div class=\\"MuiCircularProgress-root MuiCircularProgress-colorPrimary MuiCircularProgress-indeterminate\\" style=\\"width: 40px; height: 40px; color: rgb(181, 121, 54);\\" role=\\"progressbar\\"><svg class=\\"MuiCircularProgress-svg\\" viewBox=\\"22 22 44 44\\"><circle class=\\"MuiCircularProgress-circle MuiCircularProgress-circleIndeterminate\\" cx=\\"44\\" cy=\\"44\\" r=\\"20.2\\" fill=\\"none\\" stroke-width=\\"3.6\\"></circle></svg></div></div></div><div class=\\"MuiBox-root MuiBox-root-31 Styled(MuiBox)-root-14\\" classes=\\"[object Object]\\" id=\\"call-visit-per-salesperson-report-container\\"><div class=\\"MuiBox-root MuiBox-root-32\\"><div class=\\"MuiBox-root MuiBox-root-33\\">Top 5 - Call Visits Made per Salesperson</div><div style=\\"position: relative; display: flex; justify-content: center; align-items: center; margin-right: 8px;\\"><button class=\\"MuiButtonBase-root MuiButton-root MuiButton-text report-aux-button\\" tabindex=\\"0\\" type=\\"button\\" style=\\"padding: 0px; color: rgb(181, 121, 54); position: absolute; right: -10px; width: 24px; height: 24px; text-transform: none;\\"><span class=\\"MuiButton-label\\">July<span class=\\"MuiButton-endIcon MuiButton-iconSizeMedium\\"><svg class=\\"MuiSvgIcon-root\\" focusable=\\"false\\" viewBox=\\"0 0 24 24\\" color=\\"#B57936\\" aria-hidden=\\"true\\"><path d=\\"M7.41 8.59L12 13.17l4.59-4.58L18 10l-6 6-6-6 1.41-1.41z\\"></path></svg></span></span><span class=\\"MuiTouchRipple-root\\"></span></button></div></div><div class=\\"MuiBox-root MuiBox-root-34\\"><div class=\\"MuiBox-root MuiBox-root-40\\"><div class=\\"MuiCircularProgress-root MuiCircularProgress-colorPrimary MuiCircularProgress-indeterminate\\" style=\\"width: 40px; height: 40px; color: rgb(181, 121, 54);\\" role=\\"progressbar\\"><svg class=\\"MuiCircularProgress-svg\\" viewBox=\\"22 22 44 44\\"><circle class=\\"MuiCircularProgress-circle MuiCircularProgress-circleIndeterminate\\" cx=\\"44\\" cy=\\"44\\" r=\\"20.2\\" fill=\\"none\\" stroke-width=\\"3.6\\"></circle></svg></div></div></div></div></div></div><div class=\\"Toastify\\"></div>"`;
