// Jest Snapshot v1, https://goo.gl/fbAQLP

exports[`App Renders the router and the app snapshot 1`] = `"<div><div class=\\"MuiBox-root MuiBox-root-3 Styled(MuiBox)-root-2\\" classes=\\"[object Object]\\"><div class=\\"MuiBox-root MuiBox-root-5 Styled(MuiBox)-root-4\\" classes=\\"[object Object]\\"><img alt=\\"\\" src=\\"symphony-logo-gold.png\\"></div><div class=\\"MuiBox-root MuiBox-root-7 Styled(MuiBox)-root-6\\" classes=\\"[object Object]\\"><div class=\\"MuiBox-root MuiBox-root-9 Styled(MuiBox)-root-8\\" classes=\\"[object Object]\\"><p class=\\"MuiTypography-root WithStyles(ForwardRef(Typography))-root-10 MuiTypography-body1\\">Welcome Back</p><div class=\\"MuiGrid-root WithStyles(ForwardRef(Grid))-root-12 MuiGrid-container\\" style=\\"margin-bottom: 20px;\\"><div class=\\"MuiGrid-root WithStyles(ForwardRef(Grid))-root-13 symphony-input-label MuiGrid-item MuiGrid-grid-xs-12\\">Platform</div><div class=\\"MuiGrid-root WithStyles(ForwardRef(Grid))-root-14 MuiGrid-item MuiGrid-grid-xs-12\\" style=\\"padding-top: 6px;\\"><div class=\\"MuiInputBase-root MuiInput-root MuiInput-underline\\"><div class=\\"MuiSelect-root WithStyles(ForwardRef(Select))-root-15 MuiSelect-select MuiSelect-selectMenu MuiInputBase-input MuiInput-input\\" tabindex=\\"0\\" role=\\"button\\" aria-haspopup=\\"listbox\\" aria-label=\\"With out label\\" aria-labelledby=\\"symphony-login-platform-select\\" id=\\"symphony-login-platform-select\\">Symphony Market</div><input aria-hidden=\\"true\\" tabindex=\\"-1\\" class=\\"MuiSelect-nativeInput\\" value=\\"Symphony Market\\"><svg class=\\"MuiSvgIcon-root MuiSelect-icon\\" focusable=\\"false\\" viewBox=\\"0 0 24 24\\" aria-hidden=\\"true\\"><path d=\\"M7 10l5 5 5-5z\\"></path></svg></div></div></div><div class=\\"MuiGrid-root WithStyles(ForwardRef(Grid))-root-12 MuiGrid-container\\" style=\\"margin-bottom: 20px;\\"><div class=\\"MuiGrid-root WithStyles(ForwardRef(Grid))-root-13 symphony-input-label MuiGrid-item MuiGrid-grid-xs-12\\">Email Address</div><div class=\\"MuiGrid-root WithStyles(ForwardRef(Grid))-root-14 MuiGrid-item MuiGrid-grid-xs-12\\" style=\\"padding-top: 6px;\\"><div class=\\"MuiFormControl-root MuiTextField-root WithStyles(ForwardRef(TextField))-root-16 MuiFormControl-fullWidth\\"><div class=\\"MuiInputBase-root MuiInput-root MuiInput-underline MuiInputBase-fullWidth MuiInput-fullWidth MuiInputBase-formControl MuiInput-formControl\\"><input aria-invalid=\\"false\\" autocomplete=\\"none\\" id=\\"symphony-login-email-input\\" type=\\"text\\" maxlength=\\"999\\" class=\\"MuiInputBase-input MuiInput-input\\" value=\\"\\"></div></div></div></div><div class=\\"MuiGrid-root WithStyles(ForwardRef(Grid))-root-12 MuiGrid-container\\" style=\\"margin-bottom: 20px;\\"><div class=\\"MuiGrid-root WithStyles(ForwardRef(Grid))-root-13 symphony-input-label MuiGrid-item MuiGrid-grid-xs-12\\">Password</div><div class=\\"MuiGrid-root WithStyles(ForwardRef(Grid))-root-14 MuiGrid-item MuiGrid-grid-xs-12\\" style=\\"padding-top: 6px;\\"><div class=\\"MuiFormControl-root MuiTextField-root WithStyles(ForwardRef(TextField))-root-16 MuiFormControl-fullWidth\\"><div class=\\"MuiInputBase-root MuiInput-root MuiInput-underline MuiInputBase-fullWidth MuiInput-fullWidth MuiInputBase-formControl MuiInput-formControl MuiInputBase-adornedEnd\\"><input aria-invalid=\\"false\\" autocomplete=\\"new-password\\" id=\\"symphony-login-password-input\\" type=\\"password\\" class=\\"MuiInputBase-input MuiInput-input MuiInputBase-inputAdornedEnd\\" value=\\"\\"><div class=\\"MuiInputAdornment-root MuiInputAdornment-positionEnd\\"><svg class=\\"MuiSvgIcon-root\\" focusable=\\"false\\" viewBox=\\"0 0 24 24\\" aria-hidden=\\"true\\"><path d=\\"M12 7c2.76 0 5 2.24 5 5 0 .65-.13 1.26-.36 1.83l2.92 2.92c1.51-1.26 2.7-2.89 3.43-4.75-1.73-4.39-6-7.5-11-7.5-1.4 0-2.74.25-3.98.7l2.16 2.16C10.74 7.13 11.35 7 12 7zM2 4.27l2.28 2.28.46.46C3.08 8.3 1.78 10.02 1 12c1.73 4.39 6 7.5 11 7.5 1.55 0 3.03-.3 4.38-.84l.42.42L19.73 22 21 20.73 3.27 3 2 4.27zM7.53 9.8l1.55 1.55c-.05.21-.08.43-.08.65 0 1.66 1.34 3 3 3 .22 0 .44-.03.65-.08l1.55 1.55c-.67.33-1.41.53-2.2.53-2.76 0-5-2.24-5-5 0-.79.2-1.53.53-2.2zm4.31-.78l3.15 3.15.02-.16c0-1.66-1.34-3-3-3l-.17.01z\\"></path></svg></div></div></div></div></div></div><button class=\\"MuiButtonBase-root MuiButton-root WithStyles(ForwardRef(Button))-root-17 MuiButton-text Mui-disabled Mui-disabled\\" tabindex=\\"-1\\" type=\\"button\\" disabled=\\"\\" id=\\"symphony-login-button\\"><span class=\\"MuiButton-label\\">Login</span></button><div class=\\"MuiBox-root MuiBox-root-19 Styled(MuiBox)-root-18\\" classes=\\"[object Object]\\">Forgot your password?<button class=\\"MuiButtonBase-root MuiButton-root WithStyles(ForwardRef(Button))-root-20 MuiButton-text\\" tabindex=\\"0\\" type=\\"button\\" id=\\"symphony-forgetpassword-button\\"><span class=\\"MuiButton-label\\">Reset Password</span></button></div></div><div class=\\"Toastify\\"></div></div></div>"`;
